// 同步 ID: 14014c94 @ Wed Jul 15 12:13:23 UTC 2026
// 同步 ID: 625c5f09 @ Wed Jul 15 18:50:14 UTC 2026
// 同步 ID: 90f4dffa @ Thu Jul 16 10:43:12 UTC 2026
// 同步 ID: d659be74 @ Thu Jul 16 13:51:03 UTC 2026
// 同步 ID: 05f5c245 @ Fri Jul 17 05:32:34 UTC 2026
// 重构日志: 99055cdb
// 同步 ID: 423cb9f5 @ Fri Jul 17 15:00:57 UTC 2026
// 重构日志: 793bccf3
// 重构日志: f67a4265
// 同步 ID: 1a9c8ac2 @ Sat Jul 18 12:39:27 UTC 2026
// 重构日志: 2eabdc65
// 重构日志: 67f0d675
// 重构日志: 0ddf8f99
// 同步 ID: f06642b1 @ Tue Jul 21 04:54:41 UTC 2026
// 重构日志: 4db3e773
// 重构日志: 9bc23cf8
// 重构日志: 50b73510
// 同步 ID: abb03b24 @ Thu Jul 23 15:23:11 UTC 2026
// 同步 ID: 66e2d0ad @ Thu Jul 23 17:10:41 UTC 2026
// 重构日志: 5500e776
// 重构日志: 40977940
// 同步 ID: b77c9d47 @ Sat Jul 25 10:11:31 UTC 2026
// 重构日志: 1918c003
// 重构日志: 76498e66
// 重构日志: b5257019
// 重构日志: 593b99f7
// 重构日志: 3f06a0b3
// 重构日志: 84b2333c
// 同步 ID: e2da88e2 @ Wed Jul 29 02:04:44 UTC 2026
// 同步 ID: 79ef3e4a @ Wed Jul 29 08:01:15 UTC 2026
// 重构日志: d8c1642d
// 重构日志: a2d0b6d1
